 0000           cpu "8085.tbl"
 0000           hof "int8"
                
 9000           org 9000h
                
 030E =         GTHEX: EQU 030EH
 0389 =         OUTPUT:EQU 0389H
                
 8FF1 =         CURDT: EQU 8FF1H
 044C =         UPDDT: EQU 044cH
 8FEF =         CURAD: EQU 8FEFH
 0440 =         UPDAD: EQU 0440H
                
 9000 3E00      MVI A,00H
 9002 0600      MVI B,00H
                
                
 9004 210000    LXI H,0000H
 9007 224088    SHLD 8840H
 900A 224288    SHLD 8842H
                
 900D 214088    LXI H,8840H
 9010 CD8903    CALL OUTPUT ; initially display 0000 on address field
                
 9013 3E00      MVI A,00H
 9015 0600      MVI B,00H
 9017 CD0E03    CALL GTHEX ; Taking input into D-E pair
 901A 62        MOV H,D
 901B 6B        MOV L,E
                
                ;Checking for valid input
 901C           FIRST:
 901C 7C        	MOV A,H
 901D FE12      	CPI 12H ;check if hh is less than 12
 901F DA2590    	JC SECOND 
                	
 9022 C33690    JMP TIMER ; if invalid input
                
 9025           SECOND:
 9025 7D        	MOV A,L
 9026 FE60      	CPI 60H ; check if mm is less than 60 
 9028 22EF8F    	SHLD CURAD
 902B 3E99      	MVI A,99H
 902D 32F18F    	STA CURDT
 9030 DA4190    	JC NXT_SEC
                	
 9033 C33690    JMP TIMER
                
 9036           TIMER:
 9036 210000    	LXI H, 0000H
 9039 3E99      	MVI A, 99H 
 903B 22EF8F    	SHLD CURAD
 903E 32F18F    	STA CURDT
                
                
                
 9041           NXT_SEC:
 9041 2AEF8F    	LHLD CURAD
 9044 3AF18F    	LDA CURDT
 9047 3C        	INR A ;next second
 9048 27        	DAA ; increments hex values with 6 to coonvert to decimal
 9049 FE60      	CPI 60H
 904B C26A90    	JNZ ONE
 904E 3E00      		MVI A, 00H
 9050 32F18F    		STA CURDT
 9053 7D        		MOV A, L
 9054 3C        		INR A
 9055 27        		DAA
 9056 6F        		MOV L, A
 9057 FE60      		CPI 60H ; compare if minute value has reached 60
 9059 C26D90    		JNZ TWO
 905C 2E00      			MVI L, 00H ; if mm=60 change it to 00
 905E 7C        			MOV A, H
 905F 3C        			INR A
 9060 27        			DAA
 9061 67        			MOV H, A
 9062 FE12      			CPI 12H ;compare if hh has reached 12
 9064 CA3690    			JZ TIMER ;compare if hh has reached 12
 9067 C36D90    			JMP TWO
                
 906A           	ONE:
 906A 32F18F    	STA CURDT ; store ss at curdt
 906D           	TWO:
 906D 22EF8F    	SHLD CURAD ;store hh and mm at curad
 9070 CD4C04    	CALL UPDDT ;print function
 9073 CD4004    	CALL UPDAD
 9076 CD7F90    	CALL DELAY ; to cause delay of 1 s
 9079 C34190    	JMP NXT_SEC
                
                
 907C C39290    JMP OVER
                
                ;to cause delay of 1 s
 907F           DELAY:
 907F 210F5D    	LXI H, 5D0FH
 9082 110400    	LXI D, 0004H
 9085           	LOOP1:
 9085           		LOOP2:
 9085           			LOOP3:
 9085 2D        				DCR L
 9086 C28590    				JNZ LOOP3
 9089 25        			DCR H
 908A C28590    			JNZ LOOP2
 908D 1D        		DCR E
 908E C28590    		JNZ LOOP1
 9091 C9        	RET
                
 9092           OVER: 
 9092 EF        RST 5
 9093           	END
0007  A                    0000  B                    0001  C             
8FEF  CURAD                8FF1  CURDT                0002  D             
907F  DELAY                0003  E                    901C  FIRST         
030E  GTHEX                0004  H                    0005  L             
9085  LOOP1                9085  LOOP2                9085  LOOP3         
0006  M                    9041  NXT_SEC              906A  ONE           
0389  OUTPUT               9092  OVER                 9025  SECOND        
9036  TIMER                906D  TWO                  0440  UPDAD         
044C  UPDDT                
