 0000           cpu "8085.tbl"
 0000           hof "int8"
                
 9000           org 9000h
                
 9000 3E80      MVI A,80H
 9002 D343      OUT 43H
 9004 AF        XRA A
                
                
 9005           LOOP4:
 9005 D340      OUT 40H
 9007 3C        INR A
 9008 FEFF      CPI 0FFH
 900A C20590    JNZ LOOP4
                
 900D 78        MOV A,00H
 900E D340      OUT 40H
 9010 C30590    JMP LOOP4
                
                ; LOOP4:
                ; MVI A,00H
                ; CALL DELAY
                ; MVI A,0FFH
                ; CALL DELAY
                ; JMP LOOP4
                
                
 9013           DELAY:
 9013 210F5D    	LXI H, 5D0FH
 9016 110400    	LXI D, 0004H
 9019           	LOOP1:
 9019           		LOOP2:
 9019           			LOOP3:
 9019 D340      				OUT 40H
 901B 2D        				DCR L
 901C C21990    				JNZ LOOP3
 901F 25        			DCR H
 9020 C21990    			JNZ LOOP2
 9023 1D        		DCR E
 9024 C21990    		JNZ LOOP1
 9027 C9        	RET
                
 9028 EF        RST 5
 9029           	END
0007  A                    0000  B                    0001  C             
0002  D                    9013  DELAY                0003  E             
0004  H                    0005  L                    9019  LOOP1         
9019  LOOP2                9019  LOOP3                9005  LOOP4         
0006  M                    
