 0000           cpu "8085.tbl"
 0000           hof "int8"
                
 9000           org 9000h
                
 8FF1 =         CURDT: EQU 8FF1H
 044C =         UPDDT: EQU 044cH
 8FEF =         CURAD: EQU 8FEFH
 0440 =         UPDAD: EQU 0440H
                
 9000           TIMER:
 9000 210000    	LXI H, 0000H
 9003 3E99      	MVI A, 99H 
 9005 22EF8F    	SHLD CURAD
 9008 32F18F    	STA CURDT
                
 900B           NXT_SEC:
 900B 2AEF8F    	LHLD CURAD
 900E 3AF18F    	LDA CURDT
 9011 3C        	INR A
 9012 27        	DAA
 9013 FE60      	CPI 60H
 9015 C23490    	JNZ ONE
 9018 3E00      		MVI A, 00H
 901A 32F18F    		STA CURDT
 901D 7D        		MOV A, L
 901E 3C        		INR A
 901F 27        		DAA
 9020 6F        		MOV L, A
 9021 FE60      		CPI 60H
 9023 C23790    		JNZ TWO
 9026 2E00      			MVI L, 00H
 9028 7C        			MOV A, H
 9029 3C        			INR A
 902A 27        			DAA
 902B 67        			MOV H, A
 902C FE12      			CPI 12H
 902E CA0090    			JZ TIMER
 9031 C33790    			JMP TWO
                
 9034           	ONE:
 9034 32F18F    	STA CURDT
 9037           	TWO:
 9037 22EF8F    	SHLD CURAD
 903A CD4C04    	CALL UPDDT
 903D CD4004    	CALL UPDAD
 9040 CD4990    	CALL DELAY
 9043 C30B90    	JMP NXT_SEC
                
                
 9046 C35C90    JMP OVER
                
 9049           DELAY:
 9049 210F5D    	LXI H, 5D0FH
 904C 110400    	LXI D, 0004H
 904F           	LOOP1:
 904F           		LOOP2:
 904F           			LOOP3:
 904F 2D        				DCR L
 9050 C24F90    				JNZ LOOP3
 9053 25        			DCR H
 9054 C24F90    			JNZ LOOP2
 9057 1D        		DCR E
 9058 C24F90    		JNZ LOOP1
 905B C9        	RET
                
 905C           OVER: 
 905C EF        RST 5
 905D           	END
0007  A                    0000  B                    0001  C             
8FEF  CURAD                8FF1  CURDT                0002  D             
9049  DELAY                0003  E                    0004  H             
0005  L                    904F  LOOP1                904F  LOOP2         
904F  LOOP3                0006  M                    900B  NXT_SEC       
9034  ONE                  905C  OVER                 9000  TIMER         
9037  TWO                  0440  UPDAD                044C  UPDDT         
