 0000           cpu "8085.tbl"
 0000           hof "int8"
                
 9000           org 9000h
                
 030E =         GTHEX: EQU 030EH    		;Gets hex digits and displays them
 034F =         HXDSP: EQU 034FH			;Expands hex digits for display
 0389 =         OUTPUT:EQU 0389H			;Outputs characters to display
 02BE =         CLEAR: EQU 02BEH			;Clears the display
 03BA =         RDKBD: EQU 03BAH			;Reads keyboard
 003C =         KBINT: EQU 3CH	
                
 8FF1 =         CURDT: EQU 8FF1H
 044C =         UPDDT: EQU 044cH
 8FEF =         CURAD: EQU 8FEFH
 0440 =         UPDAD: EQU 0440H
                
                
 9000 210288    LXI H,8802H
 9003 220088    SHLD 8800H
 9006 210000    LXI H,0000H
 9009 220089    SHLD 8900H
                
                
 900C 3E0B      MVI A, 0BH
 900E 30        SIM
 900F FB        EI
                
 9010 3E00      MVI A,00H
 9012 0600      MVI B,00H
                
                
 9014 210000    LXI H,0000H
 9017 224088    SHLD 8840H
 901A 224288    SHLD 8842H
                
 901D 214088    LXI H,8840H
 9020 CD8903    CALL OUTPUT ; initially display 0000 on address field
                
 9023 3E00      MVI A,00H
 9025 0600      MVI B,00H
 9027 CD0E03    CALL GTHEX ; Taking input into D-E pair
 902A 62        MOV H,D
 902B 6B        MOV L,E
                
                ;Checking for valid input
 902C           FIRST:
 902C 7C        	MOV A,H
 902D FE12      	CPI 12H ;check if hh is less than 12
 902F DA3590    	JC SECOND 
                	
 9032 C34690    JMP TIMER ; if invalid input
                
 9035           SECOND:
 9035 7D        	MOV A,L
 9036 FE60      	CPI 60H ; check if mm is less than 60 
 9038 22EF8F    	SHLD CURAD
 903B 3E60      	MVI A,60H
 903D 32F18F    	STA CURDT
 9040 DA5190    	JC NXT_SEC
                	
 9043 C34690    JMP TIMER
                
 9046           TIMER:
 9046 215911    	LXI H, 1159H
 9049 3E60      	MVI A, 60H 
 904B 22EF8F    	SHLD CURAD
 904E 32F18F    	STA CURDT
                
                
                
 9051           NXT_SEC:
 9051 2AEF8F    	LHLD CURAD
 9054 3AF18F    	LDA CURDT
 9057 CDDA90    	CALL SUBTRACT_FUNCTION
 905A FEF9      	CPI 0F9H
 905C C27D90    	JNZ ONE
 905F 3E59      		MVI A, 59H
 9061 32F18F    		STA CURDT
 9064 7D        		MOV A, L
 9065 CDDA90    		CALL SUBTRACT_FUNCTION
 9068 6F        		MOV L, A
 9069 FEF9      		CPI 0F9H ; compare if minute value has reached 60
 906B C28090    		JNZ TWO
 906E 2E59      			MVI L, 59H ; if mm=60 change it to 00
 9070 7C        			MOV A, H
 9071 CDDA90    			CALL SUBTRACT_FUNCTION
 9074 67        			MOV H, A
 9075 FEF9      			CPI 0F9H ;compare if hh has reached 12
 9077 CAD990    			JZ OVER ;compare if hh has reached 12
 907A C38090    			JMP TWO
                
 907D           	ONE:
 907D 32F18F    	STA CURDT ; store ss at curdt
 9080           	TWO:
 9080 22EF8F    	SHLD CURAD ;store hh and mm at curad
 9083 CD4C04    	CALL UPDDT ;print function
 9086 CD4004    	CALL UPDAD
 9089 CDC690    	CALL DELAY ; to cause delay of 1 s
 908C C35190    	JMP NXT_SEC
                
                
 908F C3D990    JMP OVER
                
 9092 F5        PUSH PSW
 9093 E5        PUSH H
 9094 57        MOV D,A
 9095 D5        PUSH D
                
 9096 3A0089    LDA 8900H
 9099 FE00      CPI 00H
 909B C2B390    JNZ LBL
                
 909E 2A0088    LHLD 8800H
 90A1 3AF18F    LDA CURDT
 90A4 77        MOV M,A
 90A5 23        INX H
 90A6 3AEF8F    LDA 8FEFH
 90A9 77        MOV M,A
 90AA 23        INX H
 90AB 3AF08F    LDA 8FF0H
 90AE 77        MOV M,A
 90AF 23        INX H
 90B0 220088    SHLD 8800H
                
                
                
 90B3           LBL:
 90B3 3A0089    LDA 8900H
 90B6 EE01      XRI 01H
 90B8 320089    STA 8900H
                
 90BB CDBA03    CALL RDKBD
                
 90BE D1        POP D
 90BF 7A        MOV A,D
 90C0 E1        POP H
 90C1 1600      MVI D,00H
 90C3 F1        POP PSW
 90C4 FB        EI
 90C5 C9        RET
                
                ;to cause delay of 1 s
 90C6           DELAY:
 90C6 210F5D    	LXI H, 5D0FH
 90C9 110400    	LXI D, 0004H
 90CC           	LOOP1:
 90CC           		LOOP2:
 90CC           			LOOP3:
 90CC 2D        				DCR L
 90CD C2CC90    				JNZ LOOP3
 90D0 25        			DCR H
 90D1 C2CC90    			JNZ LOOP2
 90D4 1D        		DCR E
 90D5 C2CC90    		JNZ LOOP1
 90D8 C9        	RET
                
 90D9           OVER: 
 90D9 EF        RST 5
                
                
 90DA           SUBTRACT_FUNCTION:						;bcd subtractor 
 90DA 320282     STA 8202H
 90DD E60F       ANI 0FH
 90DF FE00       CPI 00H
 90E1 CAE990     JZ SUBTRACT_HELPER
 90E4 3A0282     LDA 8202H
 90E7 3D         DCR A
 90E8 C9         RET
 90E9            SUBTRACT_HELPER:
 90E9 3A0282     LDA 8202H
 90EC DE07       SBI 07H
 90EE C9         RET
                
                
                
                	END
0007  A                    0000  B                    0001  C             
02BE  CLEAR                8FEF  CURAD                8FF1  CURDT         
0002  D                    90C6  DELAY                0003  E             
902C  FIRST                030E  GTHEX                0004  H             
034F  HXDSP                003C  KBINT                0005  L             
90B3  LBL                  90CC  LOOP1                90CC  LOOP2         
90CC  LOOP3                0006  M                    9051  NXT_SEC       
907D  ONE                  0389  OUTPUT               90D9  OVER          
03BA  RDKBD                9035  SECOND               90DA  SUBTRACT_FUNCTION
90E9  SUBTRACT_HELPER      9046  TIMER                9080  TWO           
0440  UPDAD                044C  UPDDT                
