 0000           cpu "8085.tbl"
 0000           hof "int8"
                
 9000           org 9000h
                
 9000 3D        dcr a
 9001 CA0590    jz ADD
 9004 3D        dcr a
                ; jz SUB
                ; dcr a
                ; jz MUL
                ; dcr a
                ; jz DIV
                
 9005           ADD:
 9005 214088    	lxi h, 8840H
 9008 5E        	mov e,m
 9009 23        	inx h
 900A 56        	mov d,m
 900B 23        	inx h
 900C 4E        	mov c,m
 900D 23        	inx h
 900E 46        	mov b,m
 900F 210000    	lxi h, 0000h
 9012 09        	dad b
 9013 0600      	mvi b,00H
 9015 19        	dad d
                	; xchg
 9016 D21B90    	jnc NOCAR
 9019 0601      	mvi b,01H
 901B           	NOCAR:
 901B 7D        	mov a,l
 901C 320089    	sta 8900h
 901F 7C        	mov a,h
 9020 320189    	sta 8901h
 9023 78        	mov a,b
 9024 320289    	sta 8902h
 9027 C32A90    	jmp OVER
                
 902A           OVER:
 902A EF        RST 5
 902B           	END
0007  A                    9005  ADD                  0000  B             
0001  C                    0002  D                    0003  E             
0004  H                    0005  L                    0006  M             
901B  NOCAR                902A  OVER                 
