 0000           cpu "8085.tbl"
 0000           hof "int8"
                
 9000           org 9000h
                
 9000 3D        dcr a
 9001 CA1490    jz ADD
 9004 3D        dcr a
 9005 CA2E90    jz SUB
 9008 3D        dcr a
 9009 CA3B90    jz MUL
 900C 3D        dcr a
 900D CA5690    jz DIV
 9010 3D        dcr a
 9011 CA7190    jz ORR
                
 9014           ADD:
 9014 214088    	lxi h, 8840H
 9017 5E        	mov e,m
 9018 23        	inx h
 9019 4E        	mov c,m
 901A 0600      	mvi b, 00H
 901C 1600      	mvi d, 00H
                
 901E 210000    	lxi h, 0000H
 9021 09        	dad b
 9022 19        	dad d
                
 9023 7D        	mov a, l
 9024 320089    	sta 8900H
 9027 7C        	mov a, h
 9028 320189    	sta 8901H
 902B C37E90    	jmp OVER
                
 902E           SUB:
 902E 214088    	lxi h, 8840H
 9031 7E        	mov a,m
 9032 23        	inx h
 9033 46        	mov b,m
 9034 90        	sub b
 9035 320089    	sta 8900H
 9038 C37E90    	jmp OVER
                
 903B           MUL:
 903B 214088    	lxi h, 8840H
 903E 5E        	mov e, m
 903F 23        	inx h
 9040 46        	mov b, m
 9041 1600      	mvi d, 00H
 9043 210000    	lxi h, 0000H
                
 9046           	LOOP:
 9046 19        		dad d
 9047 05        		dcr b
 9048 C24690    		jnz LOOP
                
 904B 7D        	mov a, l
 904C 320089    	sta 8900H
 904F 7C        	mov a, h
 9050 320189    	sta 8901H
                
 9053 C37E90    	jmp OVER
                
 9056           DIV:
 9056 214088    	lxi h, 8840H
 9059 7E        	mov a, m
 905A 23        	inx h
 905B 46        	mov b, m
 905C 0E00      	mvi c, 00H
                
 905E           	LOOP2:
 905E B8        		cmp b
 905F DA6790    		jc STR
 9062 90        		sub b
 9063 0C        		inr c
 9064 C35E90    		jmp LOOP2
                
 9067           	STR:
 9067 320089    		sta 8900H
 906A 79        		mov a,c
 906B 320189    		sta 8901H
                
 906E C37E90    	jmp OVER
                
 9071           ORR:
 9071 214088    	lxi h, 8840H
 9074 7E        	mov a, m
 9075 23        	inx h
 9076 46        	mov b, m
 9077 B0        	ora b
 9078 320089    	sta 8900H
 907B C37E90    	jmp OVER
                
                
 907E           OVER:
 907E EF        	RST 5
 907F           	END
0007  A                    9014  ADD                  0000  B             
0001  C                    0002  D                    9056  DIV           
0003  E                    0004  H                    0005  L             
9046  LOOP                 905E  LOOP2                0006  M             
903B  MUL                  9071  ORR                  907E  OVER          
9067  STR                  902E  SUB                  
